# Pipeline log — placeholder. Append run output here as needed.
2026-03-30 10:08:26,900 - INFO - Loading file: ../data/game.csv
2026-03-30 10:08:27,285 - INFO - Loading file: ../data/line_score.csv
2026-03-30 10:08:27,475 - INFO - Loading file: ../data/team_history.csv
2026-03-30 10:08:27,481 - INFO - Loading file: ../data/other_stats.csv
2026-03-30 10:08:27,552 - INFO - All data files loaded successfully
2026-03-30 10:08:27,554 - INFO - Inspecting table shapes and columns
2026-03-30 10:08:27,604 - INFO - Creating DuckDB connection and registering tables
2026-03-30 10:08:27,670 - INFO - Running DuckDB test query
2026-03-30 10:08:27,684 - INFO - Building modeling dataset from game table
2026-03-30 10:08:27,902 - INFO - Long-format dataset shape: (131160, 18)
2026-03-30 10:08:27,972 - INFO - Final modeling dataset shape: (46339, 23)
2026-03-30 10:08:27,998 - INFO - Training logistic regression model
2026-03-30 10:08:29,317 - INFO - Model accuracy: 0.6310
2026-03-30 10:08:29,487 - INFO - Confusion matrix:
[[1079 2572]
 [ 848 4769]]
2026-03-30 10:08:29,490 - INFO - Plotting prediction accuracy chart
2026-03-30 10:09:48,332 - INFO - Loading file: ../data/game.csv
2026-03-30 10:09:49,174 - INFO - Loading file: ../data/line_score.csv
2026-03-30 10:09:49,418 - INFO - Loading file: ../data/team_history.csv
2026-03-30 10:09:49,433 - INFO - Loading file: ../data/other_stats.csv
2026-03-30 10:09:49,521 - INFO - All data files loaded successfully
2026-03-30 10:09:49,522 - INFO - Inspecting table shapes and columns
2026-03-30 10:09:49,569 - INFO - Creating DuckDB connection and registering tables
2026-03-30 10:09:49,684 - INFO - Running DuckDB test query
2026-03-30 10:09:49,693 - INFO - Building modeling dataset from game table
2026-03-30 10:09:49,944 - INFO - Long-format dataset shape: (131160, 18)
2026-03-30 10:09:50,001 - INFO - Final modeling dataset shape: (46339, 23)
2026-03-30 10:09:50,023 - INFO - Training logistic regression model
2026-03-30 10:09:51,088 - INFO - Model accuracy: 0.6310
2026-03-30 10:09:51,093 - INFO - Confusion matrix:
[[1079 2572]
 [ 848 4769]]
2026-03-30 10:09:51,105 - INFO - Plotting prediction accuracy chart
